exports[`test Snapshot 1`] = `
<a
  onClick={[Function]}
  style={Object {}}>
  <div
    className="container">
    <h4>
      title
    </h4>
    <div
      className="description">
      <div
        dangerouslySetInnerHTML={
          Object {
            "__html": "description",
          }
        } />
    </div>
  </div>
</a>
`;

exports[`test Snapshot 2`] = `null`;
